Python 3.10.4 (main, Mar 24 2022, 13:07:27) [GCC 11.2.0] on linux
Type "help", "copyright", "credits" or "license" for more information.
>>> import Crypto.PublicKey
>>> from Crypto.PublicKey import RSA
>>> a = RSA.generate(2048)
>>> a.export_key('PEM')
b'-----BEGIN RSA PRIVATE KEY-----\nMIIEogIBAAKCAQEAsvqJmIDtlNOkWvHyeRj7iJSW12bUUdo1//Z+Fes+guz+eHrN\ncuKqz/9rkE5Aj1WJQWn19qXf5vKCpl9/ixg/5cs2jHLAlwQz8Ls6ajSBzFN8VG1j\ng+IK1iZDZqp+YNM2rSw4xPuIE/eNHVgbzNlHeVv8A9f6tVfVu2hJ+BWVXhf5aP7c\neMO1SR1o7tJ7ys6GiyxsKdJkwfPJipgizPUbmADTCPtAE0IRjVEt1iwz6pjeShnh\nqBmn9EBBshV05ksufuZyrSwgpdbse51MdVO/1Plrhn/B6yE+sHqif6cpM0YbqiB2\nhhQV1VLllQRr2ICPn4mijHxZ6SY13THDN/6sGwIDAQABAoIBACQguJelJtAM7LdC\n8YwKQ/Ps8onmguNG5fGWIxtvkf3BsxhEyaXwJUS5LVBCy3tja8Jdjj3Me+bVexP0\nYP2F1pgfLhKps0CIo6drU75OfQjurUEpl5XukftqW96kecA3wmiwbYEtuOk25jBP\nMcVm8quHqtZnyX7DjSw4P/4o9S6511/cl2rSJiKINu4PJ047i338rA5v5jT5EAbn\noOLCQAu9mwZGpKGEDTatcB9wU3K9vICayYzsurX2Eyksc1F4rDGOMELBHfDrxkG8\nTqo40lcwbuz92/3tH/fCa/AO18Nz+WVfqxxdxIkG+6z9Q4Htqo4fBiV3ZulZCcDX\nCe0EX2ECgYEAwxr6FH2VBaceX46szYyVe77zHh3VNRIUXk2Kh7z3LJghBld9ohwi\nxEmSuYZoNJ+vrpzH1kahDEka4jEEOS7WulPc1pLXRnO7JOJAEQht2cAPApU7Duqv\nU0GuIpENKuQ7/eayQMK0bftdgRnZ9/4WJxt+x9lwEkOaPIvh7ilP+bECgYEA6tcH\nBUJYkDtKnUXxmVES8c4FNcI45G6Jf6KxiSKzvndgQkZeHV89NHsOnJ98G9+VlVfD\nIZUYZlyBha4CQ912FfYB2nk+Lahe3h1AqWOocnTsJjrYvOnv4VBywPGMFUriUDSx\ncmP5Ngy1Evkz7NWm30KflYwaL6zS6g080HhQ6YsCgYAuNyGt4OF/6UpEkGNWfUqb\neWvVYnOykonInM2Hwbc7FP4dpnPYBpolrNfYooHklT7kObcMhsZ3RonbsoixkurC\nUEMrgLUFtzxJTF6oqjp7LgdgMUFAE09chV5eScW4tz+OsSrgND7RHo3TmvAK0mEk\n+lpZtKPbb7AFT41BAQA0wQKBgBjCv0zAqBHdDorymvytXa/9JvN6HQGI3hqFDu8E\np6sHbzDNtpKmPg/QgcPl1PIjauQqMrrRu5bfXhC4PijlqtO58owUiIfL3uTQdMbn\naRVYWqXVQpD4oYBCOTc6wKhmEuKeC6+h9t7KDDWJ7P2lsUiM/8KG2SP5tutSpfzd\nErrtAoGAcOoTmPeHLch6kIGx91MbNIGHTMCjBOQeQuVzC/LoQ+zCOcceVQIXHXcj\ntN9bwPIRxiMeosxHNOH8I02yC/vO6P95f41NtWocrTi1547RYPvQnek2yAtNAtWV\nIP+JQY9Q5z1SyIwl75OTBGFAFmoP9I88aBeOxzCyPC8HFDA9b6g=\n-----END RSA PRIVATE KEY-----'
>>> a.publickey()
RsaKey(n=22593962921530891420384380864826039218627948153175184456198522915348593110564338242149430196028958056959043941409169763653485230157138396944493234767732541866140146377280520832501380638872688878608621115014546767418503893380319202417471360973656304623325358754322972536285866599620527971544776885976285724757280089334665132072068366474029088130774495793777913403478796379269590098311962277039781165468727029212117899784927034261830842245026220584977304771145803571493144699515518318574518501425052324480462707451325928294914603895428221906338335418694207700153807089613730660837933952854992234458328690787880286465051, e=65537)
>>> a.publickey().exportkey()
Traceback (most recent call last):
  File "<stdin>", line 1, in <module>
AttributeError: 'RsaKey' object has no attribute 'exportkey'. Did you mean: 'exportKey'?
>>> a.publickey().exportKey()
b'-----BEGIN PUBLIC KEY-----\nMIIBIjANBgkqhkiG9w0BAQEFAAOCAQ8AMIIBCgKCAQEAsvqJmIDtlNOkWvHyeRj7\niJSW12bUUdo1//Z+Fes+guz+eHrNcuKqz/9rkE5Aj1WJQWn19qXf5vKCpl9/ixg/\n5cs2jHLAlwQz8Ls6ajSBzFN8VG1jg+IK1iZDZqp+YNM2rSw4xPuIE/eNHVgbzNlH\neVv8A9f6tVfVu2hJ+BWVXhf5aP7ceMO1SR1o7tJ7ys6GiyxsKdJkwfPJipgizPUb\nmADTCPtAE0IRjVEt1iwz6pjeShnhqBmn9EBBshV05ksufuZyrSwgpdbse51MdVO/\n1Plrhn/B6yE+sHqif6cpM0YbqiB2hhQV1VLllQRr2ICPn4mijHxZ6SY13THDN/6s\nGwIDAQAB\n-----END PUBLIC KEY-----'
>>> 

